[connected:00008140-001A2D4136BB001C]
Sep 24 15:13:04.778709 Runner(Flutter)[2647] <Notice>: dartnative: ##BENCH## {"tag":"feed30","t_us":1790242084778631,"ev":"main_enter"}
Sep 24 15:13:04.783616 Runner(Flutter)[2647] <Notice>: dartnative: ##BENCH## {"tag":"feed30","t_us":1790242084783281,"ev":"media_configure_start"}
Sep 24 15:13:04.873324 Runner(Flutter)[2647] <Notice>: dartnative: ##BENCH## {"tag":"feed30","t_us":1790242084866866,"ev":"media_configure_end"}
Sep 24 15:13:04.873704 Runner(Flutter)[2647] <Notice>: dartnative: ##BENCH## {"tag":"feed30","t_us":1790242084866949,"ev":"run_app"}
Sep 24 15:13:04.884241 Runner(Flutter)[2647] <Notice>: dartnative: ##BENCH## {"tag":"feed30","t_us":1790242084876102,"ev":"ctrl_create","i":0,"src":"network"}
Sep 24 15:13:04.938828 Runner(Flutter)[2647] <Notice>: dartnative: ##BENCH## {"tag":"feed30","t_us":1790242084921375,"ev":"ctrl_create","i":1,"src":"network"}
Sep 24 15:13:04.943046 Runner(Flutter)[2647] <Notice>: dartnative: ##BENCH## {"tag":"feed30","t_us":1790242084932990,"ev":"ctrl_create","i":2,"src":"network"}
Sep 24 15:13:04.960467 Runner(Flutter)[2647] <Notice>: dartnative: ##BENCH## {"tag":"feed30","t_us":1790242084958106,"ev":"page_build","i":0}
Sep 24 15:13:04.960490 Runner(Flutter)[2647] <Notice>: dartnative: ##BENCH## {"tag":"feed30","t_us":1790242084958164,"ev":"page_build","i":1}
Sep 24 15:13:04.960512 Runner(Flutter)[2647] <Notice>: dartnative: ##BENCH## {"tag":"feed30","t_us":1790242084958185,"ev":"page_build","i":2}
Sep 24 15:13:04.960543 Runner(Flutter)[2647] <Notice>: dartnative: ##BENCH## {"tag":"feed30","t_us":1790242084958237,"ev":"page_build","i":3}
Sep 24 15:13:04.960588 Runner(Flutter)[2647] <Notice>: dartnative: ##BENCH## {"tag":"feed30","t_us":1790242084958280,"ev":"page_build","i":4}
Sep 24 15:13:04.960626 Runner(Flutter)[2647] <Notice>: dartnative: ##BENCH## {"tag":"feed30","t_us":1790242084958320,"ev":"page_build","i":5}
Sep 24 15:13:04.960655 Runner(Flutter)[2647] <Notice>: dartnative: ##BENCH## {"tag":"feed30","t_us":1790242084958384,"ev":"page_build","i":6}
Sep 24 15:13:04.960697 Runner(Flutter)[2647] <Notice>: dartnative: ##BENCH## {"tag":"feed30","t_us":1790242084958458,"ev":"page_build","i":7}
Sep 24 15:13:04.960711 Runner(Flutter)[2647] <Notice>: dartnative: ##BENCH## {"tag":"feed30","t_us":1790242084958555,"ev":"page_build","i":8}
Sep 24 15:13:04.960748 Runner(Flutter)[2647] <Notice>: dartnative: ##BENCH## {"tag":"feed30","t_us":1790242084958623,"ev":"page_build","i":9}
Sep 24 15:13:04.960817 Runner(Flutter)[2647] <Notice>: dartnative: ##BENCH## {"tag":"feed30","t_us":1790242084958668,"ev":"page_build","i":10}
Sep 24 15:13:04.960843 Runner(Flutter)[2647] <Notice>: dartnative: ##BENCH## {"tag":"feed30","t_us":1790242084958788,"ev":"page_build","i":11}
Sep 24 15:13:04.960874 Runner(Flutter)[2647] <Notice>: dartnative: ##BENCH## {"tag":"feed30","t_us":1790242084958883,"ev":"page_build","i":12}
Sep 24 15:13:04.960998 Runner(Flutter)[2647] <Notice>: dartnative: ##BENCH## {"tag":"feed30","t_us":1790242084958959,"ev":"page_build","i":13}
Sep 24 15:13:04.961031 Runner(Flutter)[2647] <Notice>: dartnative: ##BENCH## {"tag":"feed30","t_us":1790242084959163,"ev":"page_build","i":14}
Sep 24 15:13:04.961051 Runner(Flutter)[2647] <Notice>: dartnative: ##BENCH## {"tag":"feed30","t_us":1790242084959249,"ev":"page_build","i":15}
Sep 24 15:13:04.961065 Runner(Flutter)[2647] <Notice>: dartnative: ##BENCH## {"tag":"feed30","t_us":1790242084959322,"ev":"page_build","i":16}
Sep 24 15:13:04.961101 Runner(Flutter)[2647] <Notice>: dartnative: ##BENCH## {"tag":"feed30","t_us":1790242084959387,"ev":"page_build","i":17}
Sep 24 15:13:04.961123 Runner(Flutter)[2647] <Notice>: dartnative: ##BENCH## {"tag":"feed30","t_us":1790242084959476,"ev":"page_build","i":18}
Sep 24 15:13:04.961154 Runner(Flutter)[2647] <Notice>: dartnative: ##BENCH## {"tag":"feed30","t_us":1790242084959577,"ev":"page_build","i":19}
Sep 24 15:13:04.961188 Runner(Flutter)[2647] <Notice>: dartnative: ##BENCH## {"tag":"feed30","t_us":1790242084959628,"ev":"page_build","i":20}
Sep 24 15:13:04.961232 Runner(Flutter)[2647] <Notice>: dartnative: ##BENCH## {"tag":"feed30","t_us":1790242084959697,"ev":"page_build","i":21}
Sep 24 15:13:04.961268 Runner(Flutter)[2647] <Notice>: dartnative: ##BENCH## {"tag":"feed30","t_us":1790242084959770,"ev":"page_build","i":22}
Sep 24 15:13:04.961302 Runner(Flutter)[2647] <Notice>: dartnative: ##BENCH## {"tag":"feed30","t_us":1790242084959799,"ev":"page_build","i":23}
Sep 24 15:13:04.961351 Runner(Flutter)[2647] <Notice>: dartnative: ##BENCH## {"tag":"feed30","t_us":1790242084959855,"ev":"page_build","i":24}
Sep 24 15:13:04.961390 Runner(Flutter)[2647] <Notice>: dartnative: ##BENCH## {"tag":"feed30","t_us":1790242084959943,"ev":"page_build","i":25}
Sep 24 15:13:04.961403 Runner(Flutter)[2647] <Notice>: dartnative: ##BENCH## {"tag":"feed30","t_us":1790242084959997,"ev":"page_build","i":26}
Sep 24 15:13:04.961426 Runner(Flutter)[2647] <Notice>: dartnative: ##BENCH## {"tag":"feed30","t_us":1790242084960071,"ev":"page_build","i":27}
Sep 24 15:13:04.961445 Runner(Flutter)[2647] <Notice>: dartnative: ##BENCH## {"tag":"feed30","t_us":1790242084960147,"ev":"page_build","i":28}
Sep 24 15:13:04.961504 Runner(Flutter)[2647] <Notice>: dartnative: ##BENCH## {"tag":"feed30","t_us":1790242084960205,"ev":"page_build","i":29}
Sep 24 15:13:05.134595 Runner(Flutter)[2647] <Notice>: dartnative: ##BENCH## {"tag":"feed30","t_us":1790242085134381,"ev":"first_frame"}
Sep 24 15:13:05.247833 Runner(Flutter)[2647] <Notice>: dartnative: ##BENCH## {"tag":"feed30","t_us":1790242085239308,"ev":"page_build","i":0}
Sep 24 15:13:05.247853 Runner(Flutter)[2647] <Notice>: dartnative: ##BENCH## {"tag":"feed30","t_us":1790242085239583,"ev":"page_build","i":1}
Sep 24 15:13:05.247907 Runner(Flutter)[2647] <Notice>: dartnative: ##BENCH## {"tag":"feed30","t_us":1790242085239729,"ev":"page_build","i":2}
Sep 24 15:13:05.247951 Runner(Flutter)[2647] <Notice>: dartnative: ##BENCH## {"tag":"feed30","t_us":1790242085239908,"ev":"page_build","i":3}
Sep 24 15:13:05.248005 Runner(Flutter)[2647] <Notice>: dartnative: ##BENCH## {"tag":"feed30","t_us":1790242085240127,"ev":"page_build","i":4}
Sep 24 15:13:05.248079 Runner(Flutter)[2647] <Notice>: dartnative: ##BENCH## {"tag":"feed30","t_us":1790242085240261,"ev":"page_build","i":5}
Sep 24 15:13:05.248094 Runner(Flutter)[2647] <Notice>: dartnative: ##BENCH## {"tag":"feed30","t_us":1790242085240471,"ev":"page_build","i":6}
Sep 24 15:13:05.248177 Runner(Flutter)[2647] <Notice>: dartnative: ##BENCH## {"tag":"feed30","t_us":1790242085240694,"ev":"page_build","i":7}
Sep 24 15:13:05.248354 Runner(Flutter)[2647] <Notice>: dartnative: ##BENCH## {"tag":"feed30","t_us":1790242085240850,"ev":"page_build","i":8}
Sep 24 15:13:05.248402 Runner(Flutter)[2647] <Notice>: dartnative: ##BENCH## {"tag":"feed30","t_us":1790242085240959,"ev":"page_build","i":9}
Sep 24 15:13:05.248482 Runner(Flutter)[2647] <Notice>: dartnative: ##BENCH## {"tag":"feed30","t_us":1790242085241114,"ev":"page_build","i":10}
Sep 24 15:13:05.248508 Runner(Flutter)[2647] <Notice>: dartnative: ##BENCH## {"tag":"feed30","t_us":1790242085241328,"ev":"page_build","i":11}
Sep 24 15:13:05.248559 Runner(Flutter)[2647] <Notice>: dartnative: ##BENCH## {"tag":"feed30","t_us":1790242085241415,"ev":"page_build","i":12}
Sep 24 15:13:05.248616 Runner(Flutter)[2647] <Notice>: dartnative: ##BENCH## {"tag":"feed30","t_us":1790242085241609,"ev":"page_build","i":13}
Sep 24 15:13:05.248656 Runner(Flutter)[2647] <Notice>: dartnative: ##BENCH## {"tag":"feed30","t_us":1790242085241731,"ev":"page_build","i":14}
Sep 24 15:13:05.248806 Runner(Flutter)[2647] <Notice>: dartnative: ##BENCH## {"tag":"feed30","t_us":1790242085241868,"ev":"page_build","i":15}
Sep 24 15:13:05.248815 Runner(Flutter)[2647] <Notice>: dartnative: ##BENCH## {"tag":"feed30","t_us":1790242085242174,"ev":"page_build","i":16}
Sep 24 15:13:05.248900 Runner(Flutter)[2647] <Notice>: dartnative: ##BENCH## {"tag":"feed30","t_us":1790242085242260,"ev":"page_build","i":17}
Sep 24 15:13:05.248916 Runner(Flutter)[2647] <Notice>: dartnative: ##BENCH## {"tag":"feed30","t_us":1790242085242418,"ev":"page_build","i":18}
Sep 24 15:13:05.248958 Runner(Flutter)[2647] <Notice>: dartnative: ##BENCH## {"tag":"feed30","t_us":1790242085242619,"ev":"page_build","i":19}
Sep 24 15:13:05.249017 Runner(Flutter)[2647] <Notice>: dartnative: ##BENCH## {"tag":"feed30","t_us":1790242085242835,"ev":"page_build","i":20}
Sep 24 15:13:05.249042 Runner(Flutter)[2647] <Notice>: dartnative: ##BENCH## {"tag":"feed30","t_us":1790242085243020,"ev":"page_build","i":21}
Sep 24 15:13:05.249065 Runner(Flutter)[2647] <Notice>: dartnative: ##BENCH## {"tag":"feed30","t_us":1790242085243191,"ev":"page_build","i":22}
Sep 24 15:13:05.249105 Runner(Flutter)[2647] <Notice>: dartnative: ##BENCH## {"tag":"feed30","t_us":1790242085243393,"ev":"page_build","i":23}
Sep 24 15:13:05.249129 Runner(Flutter)[2647] <Notice>: dartnative: ##BENCH## {"tag":"feed30","t_us":1790242085243544,"ev":"page_build","i":24}
Sep 24 15:13:05.249156 Runner(Flutter)[2647] <Notice>: dartnative: ##BENCH## {"tag":"feed30","t_us":1790242085243722,"ev":"page_build","i":25}
Sep 24 15:13:05.249257 Runner(Flutter)[2647] <Notice>: dartnative: ##BENCH## {"tag":"feed30","t_us":1790242085243845,"ev":"page_build","i":26}
Sep 24 15:13:05.249323 Runner(Flutter)[2647] <Notice>: dartnative: ##BENCH## {"tag":"feed30","t_us":1790242085243938,"ev":"page_build","i":27}
Sep 24 15:13:05.249763 Runner(Flutter)[2647] <Notice>: dartnative: ##BENCH## {"tag":"feed30","t_us":1790242085244051,"ev":"page_build","i":28}
Sep 24 15:13:05.250000 Runner(Flutter)[2647] <Notice>: dartnative: ##BENCH## {"tag":"feed30","t_us":1790242085244104,"ev":"page_build","i":29}
Sep 24 15:13:05.378841 Runner(Flutter)[2647] <Notice>: dartnative: ##BENCH## {"tag":"feed30","t_us":1790242085370218,"ev":"ctrl_ready","i":1}
Sep 24 15:13:05.379080 Runner(Flutter)[2647] <Notice>: dartnative: ##BENCH## {"tag":"feed30","t_us":1790242085370364,"ev":"ctrl_ready","i":0}
Sep 24 15:13:05.379138 Runner(Flutter)[2647] <Notice>: dartnative: ##BENCH## {"tag":"feed30","t_us":1790242085370393,"ev":"play_call","i":0}
Sep 24 15:13:05.407313 Runner(Flutter)[2647] <Notice>: dartnative: ##BENCH## {"tag":"feed30","t_us":1790242085387762,"ev":"media_attach","i":0,"result":"attached"}
Sep 24 15:13:05.407353 Runner(Flutter)[2647] <Notice>: dartnative: ##BENCH## {"tag":"feed30","t_us":1790242085387910,"ev":"media_event","type":"ExternalPlaybackChanged"}
Sep 24 15:13:05.409515 Runner(Flutter)[2647] <Notice>: dartnative: ##BENCH## {"tag":"feed30","t_us":1790242085389530,"ev":"page_build","i":0}
Sep 24 15:13:05.413383 Runner(Flutter)[2647] <Notice>: dartnative: ##BENCH## {"tag":"feed30","t_us":1790242085400946,"ev":"page_build","i":1}
Sep 24 15:13:05.417855 Runner(Flutter)[2647] <Notice>: dartnative: ##BENCH## {"tag":"feed30","t_us":1790242085412019,"ev":"page_build","i":2}
Sep 24 15:13:05.418040 Runner(Flutter)[2647] <Notice>: dartnative: ##BENCH## {"tag":"feed30","t_us":1790242085412152,"ev":"page_build","i":3}
Sep 24 15:13:05.418149 Runner(Flutter)[2647] <Notice>: dartnative: ##BENCH## {"tag":"feed30","t_us":1790242085412790,"ev":"page_build","i":4}
Sep 24 15:13:05.418265 Runner(Flutter)[2647] <Notice>: dartnative: ##BENCH## {"tag":"feed30","t_us":1790242085413310,"ev":"page_build","i":5}
Sep 24 15:13:05.418443 Runner(Flutter)[2647] <Notice>: dartnative: ##BENCH## {"tag":"feed30","t_us":1790242085413826,"ev":"page_build","i":6}
Sep 24 15:13:05.418577 Runner(Flutter)[2647] <Notice>: dartnative: ##BENCH## {"tag":"feed30","t_us":1790242085414347,"ev":"page_build","i":7}
Sep 24 15:13:05.418593 Runner(Flutter)[2647] <Notice>: dartnative: ##BENCH## {"tag":"feed30","t_us":1790242085414815,"ev":"page_build","i":8}
Sep 24 15:13:05.418615 Runner(Flutter)[2647] <Notice>: dartnative: ##BENCH## {"tag":"feed30","t_us":1790242085415174,"ev":"page_build","i":9}
Sep 24 15:13:05.418638 Runner(Flutter)[2647] <Notice>: dartnative: ##BENCH## {"tag":"feed30","t_us":1790242085415364,"ev":"page_build","i":10}
Sep 24 15:13:05.418690 Runner(Flutter)[2647] <Notice>: dartnative: ##BENCH## {"tag":"feed30","t_us":1790242085415603,"ev":"page_build","i":11}
Sep 24 15:13:05.418772 Runner(Flutter)[2647] <Notice>: dartnative: ##BENCH## {"tag":"feed30","t_us":1790242085415784,"ev":"page_build","i":12}
Sep 24 15:13:05.418860 Runner(Flutter)[2647] <Notice>: dartnative: ##BENCH## {"tag":"feed30","t_us":1790242085416009,"ev":"page_build","i":13}
Sep 24 15:13:05.418911 Runner(Flutter)[2647] <Notice>: dartnative: ##BENCH## {"tag":"feed30","t_us":1790242085416143,"ev":"page_build","i":14}
Sep 24 15:13:05.418964 Runner(Flutter)[2647] <Notice>: dartnative: ##BENCH## {"tag":"feed30","t_us":1790242085416237,"ev":"page_build","i":15}
Sep 24 15:13:05.419115 Runner(Flutter)[2647] <Notice>: dartnative: ##BENCH## {"tag":"feed30","t_us":1790242085416304,"ev":"page_build","i":16}
Sep 24 15:13:05.419226 Runner(Flutter)[2647] <Notice>: dartnative: ##BENCH## {"tag":"feed30","t_us":1790242085416367,"ev":"page_build","i":17}
Sep 24 15:13:05.419297 Runner(Flutter)[2647] <Notice>: dartnative: ##BENCH## {"tag":"feed30","t_us":1790242085416422,"ev":"page_build","i":18}
Sep 24 15:13:05.419387 Runner(Flutter)[2647] <Notice>: dartnative: ##BENCH## {"tag":"feed30","t_us":1790242085416572,"ev":"page_build","i":19}
Sep 24 15:13:05.419433 Runner(Flutter)[2647] <Notice>: dartnative: ##BENCH## {"tag":"feed30","t_us":1790242085416685,"ev":"page_build","i":20}
Sep 24 15:13:05.419712 Runner(Flutter)[2647] <Notice>: dartnative: ##BENCH## {"tag":"feed30","t_us":1790242085416877,"ev":"page_build","i":21}
Sep 24 15:13:05.420095 Runner(Flutter)[2647] <Notice>: dartnative: ##BENCH## {"tag":"feed30","t_us":1790242085416942,"ev":"page_build","i":22}
Sep 24 15:13:05.420286 Runner(Flutter)[2647] <Notice>: dartnative: ##BENCH## {"tag":"feed30","t_us":1790242085417039,"ev":"page_build","i":23}
Sep 24 15:13:05.420885 Runner(Flutter)[2647] <Notice>: dartnative: ##BENCH## {"tag":"feed30","t_us":1790242085417214,"ev":"page_build","i":24}
Sep 24 15:13:05.420972 Runner(Flutter)[2647] <Notice>: dartnative: ##BENCH## {"tag":"feed30","t_us":1790242085417302,"ev":"page_build","i":25}
Sep 24 15:13:05.421054 Runner(Flutter)[2647] <Notice>: dartnative: ##BENCH## {"tag":"feed30","t_us":1790242085417401,"ev":"page_build","i":26}
Sep 24 15:13:05.421116 Runner(Flutter)[2647] <Notice>: dartnative: ##BENCH## {"tag":"feed30","t_us":1790242085417565,"ev":"page_build","i":27}
Sep 24 15:13:05.422607 Runner(Flutter)[2647] <Notice>: dartnative: ##BENCH## {"tag":"feed30","t_us":1790242085417653,"ev":"page_build","i":28}
Sep 24 15:13:05.422669 Runner(Flutter)[2647] <Notice>: dartnative: ##BENCH## {"tag":"feed30","t_us":1790242085417731,"ev":"page_build","i":29}
Sep 24 15:13:05.475150 Runner(Flutter)[2647] <Notice>: dartnative: ##BENCH## {"tag":"feed30","t_us":1790242085469856,"ev":"ctrl_ready","i":2}
Sep 24 15:13:05.490369 Runner(Flutter)[2647] <Notice>: dartnative: ##BENCH## {"tag":"feed30","t_us":1790242085485376,"ev":"page_build","i":0}
Sep 24 15:13:05.490421 Runner(Flutter)[2647] <Notice>: dartnative: ##BENCH## {"tag":"feed30","t_us":1790242085485482,"ev":"page_build","i":1}
Sep 24 15:13:05.490471 Runner(Flutter)[2647] <Notice>: dartnative: ##BENCH## {"tag":"feed30","t_us":1790242085485653,"ev":"page_build","i":2}
Sep 24 15:13:05.490748 Runner(Flutter)[2647] <Notice>: dartnative: ##BENCH## {"tag":"feed30","t_us":1790242085486606,"ev":"page_build","i":3}
Sep 24 15:13:05.490766 Runner(Flutter)[2647] <Notice>: dartnative: ##BENCH## {"tag":"feed30","t_us":1790242085486744,"ev":"page_build","i":4}
Sep 24 15:13:05.490872 Runner(Flutter)[2647] <Notice>: dartnative: ##BENCH## {"tag":"feed30","t_us":1790242085486863,"ev":"page_build","i":5}
Sep 24 15:13:05.490926 Runner(Flutter)[2647] <Notice>: dartnative: ##BENCH## {"tag":"feed30","t_us":1790242085486920,"ev":"page_build","i":6}
Sep 24 15:13:05.491021 Runner(Flutter)[2647] <Notice>: dartnative: ##BENCH## {"tag":"feed30","t_us":1790242085486976,"ev":"page_build","i":7}
Sep 24 15:13:05.491105 Runner(Flutter)[2647] <Notice>: dartnative: ##BENCH## {"tag":"feed30","t_us":1790242085487026,"ev":"page_build","i":8}
Sep 24 15:13:05.491248 Runner(Flutter)[2647] <Notice>: dartnative: ##BENCH## {"tag":"feed30","t_us":1790242085487086,"ev":"page_build","i":9}
Sep 24 15:13:05.491363 Runner(Flutter)[2647] <Notice>: dartnative: ##BENCH## {"tag":"feed30","t_us":1790242085487155,"ev":"page_build","i":10}
Sep 24 15:13:05.491647 Runner(Flutter)[2647] <Notice>: dartnative: ##BENCH## {"tag":"feed30","t_us":1790242085487287,"ev":"page_build","i":11}
Sep 24 15:13:05.491720 Runner(Flutter)[2647] <Notice>: dartnative: ##BENCH## {"tag":"feed30","t_us":1790242085487401,"ev":"page_build","i":12}
Sep 24 15:13:05.491792 Runner(Flutter)[2647] <Notice>: dartnative: ##BENCH## {"tag":"feed30","t_us":1790242085487528,"ev":"page_build","i":13}
Sep 24 15:13:05.491836 Runner(Flutter)[2647] <Notice>: dartnative: ##BENCH## {"tag":"feed30","t_us":1790242085487748,"ev":"page_build","i":14}
Sep 24 15:13:05.491870 Runner(Flutter)[2647] <Notice>: dartnative: ##BENCH## {"tag":"feed30","t_us":1790242085488002,"ev":"page_build","i":15}
Sep 24 15:13:05.491922 Runner(Flutter)[2647] <Notice>: dartnative: ##BENCH## {"tag":"feed30","t_us":1790242085488299,"ev":"page_build","i":16}
Sep 24 15:13:05.491946 Runner(Flutter)[2647] <Notice>: dartnative: ##BENCH## {"tag":"feed30","t_us":1790242085488828,"ev":"page_build","i":17}
Sep 24 15:13:05.492007 Runner(Flutter)[2647] <Notice>: dartnative: ##BENCH## {"tag":"feed30","t_us":1790242085489190,"ev":"page_build","i":18}
Sep 24 15:13:05.492087 Runner(Flutter)[2647] <Notice>: dartnative: ##BENCH## {"tag":"feed30","t_us":1790242085489259,"ev":"page_build","i":19}
Sep 24 15:13:05.492135 Runner(Flutter)[2647] <Notice>: dartnative: ##BENCH## {"tag":"feed30","t_us":1790242085489378,"ev":"page_build","i":20}
Sep 24 15:13:05.492198 Runner(Flutter)[2647] <Notice>: dartnative: ##BENCH## {"tag":"feed30","t_us":1790242085489423,"ev":"page_build","i":21}
Sep 24 15:13:05.492227 Runner(Flutter)[2647] <Notice>: dartnative: ##BENCH## {"tag":"feed30","t_us":1790242085489535,"ev":"page_build","i":22}
Sep 24 15:13:05.492305 Runner(Flutter)[2647] <Notice>: dartnative: ##BENCH## {"tag":"feed30","t_us":1790242085489635,"ev":"page_build","i":23}
Sep 24 15:13:05.492327 Runner(Flutter)[2647] <Notice>: dartnative: ##BENCH## {"tag":"feed30","t_us":1790242085489742,"ev":"page_build","i":24}
Sep 24 15:13:05.492365 Runner(Flutter)[2647] <Notice>: dartnative: ##BENCH## {"tag":"feed30","t_us":1790242085489826,"ev":"page_build","i":25}
Sep 24 15:13:05.492411 Runner(Flutter)[2647] <Notice>: dartnative: ##BENCH## {"tag":"feed30","t_us":1790242085489906,"ev":"page_build","i":26}
Sep 24 15:13:05.492446 Runner(Flutter)[2647] <Notice>: dartnative: ##BENCH## {"tag":"feed30","t_us":1790242085489951,"ev":"page_build","i":27}
Sep 24 15:13:05.492479 Runner(Flutter)[2647] <Notice>: dartnative: ##BENCH## {"tag":"feed30","t_us":1790242085490016,"ev":"page_build","i":28}
Sep 24 15:13:05.492540 Runner(Flutter)[2647] <Notice>: dartnative: ##BENCH## {"tag":"feed30","t_us":1790242085490137,"ev":"page_build","i":29}

Exiting...
[disconnected:00008140-001A2D4136BB001C]
