[connected:00008140-001A2D4136BB001C]
Sep 24 15:12:49.727129 Runner(Flutter)[2645] <Notice>: dartnative: ##BENCH## {"tag":"feed30","t_us":1790242069723337,"ev":"main_enter"}
Sep 24 15:12:49.729459 Runner(Flutter)[2645] <Notice>: dartnative: ##BENCH## {"tag":"feed30","t_us":1790242069729307,"ev":"media_configure_start"}
Sep 24 15:12:49.811913 Runner(Flutter)[2645] <Notice>: dartnative: ##BENCH## {"tag":"feed30","t_us":1790242069806167,"ev":"media_configure_end"}
Sep 24 15:12:49.812682 Runner(Flutter)[2645] <Notice>: dartnative: ##BENCH## {"tag":"feed30","t_us":1790242069806226,"ev":"run_app"}
Sep 24 15:12:49.814622 Runner(Flutter)[2645] <Notice>: dartnative: ##BENCH## {"tag":"feed30","t_us":1790242069811111,"ev":"ctrl_create","i":0,"src":"network"}
Sep 24 15:12:49.875304 Runner(Flutter)[2645] <Notice>: dartnative: ##BENCH## {"tag":"feed30","t_us":1790242069857176,"ev":"ctrl_create","i":1,"src":"network"}
Sep 24 15:12:49.882733 Runner(Flutter)[2645] <Notice>: dartnative: ##BENCH## {"tag":"feed30","t_us":1790242069869761,"ev":"ctrl_create","i":2,"src":"network"}
Sep 24 15:12:49.896877 Runner(Flutter)[2645] <Notice>: dartnative: ##BENCH## {"tag":"feed30","t_us":1790242069892112,"ev":"page_build","i":0}
Sep 24 15:12:49.896933 Runner(Flutter)[2645] <Notice>: dartnative: ##BENCH## {"tag":"feed30","t_us":1790242069892211,"ev":"page_build","i":1}
Sep 24 15:12:49.897059 Runner(Flutter)[2645] <Notice>: dartnative: ##BENCH## {"tag":"feed30","t_us":1790242069892378,"ev":"page_build","i":2}
Sep 24 15:12:49.897131 Runner(Flutter)[2645] <Notice>: dartnative: ##BENCH## {"tag":"feed30","t_us":1790242069892440,"ev":"page_build","i":3}
Sep 24 15:12:49.897148 Runner(Flutter)[2645] <Notice>: dartnative: ##BENCH## {"tag":"feed30","t_us":1790242069892509,"ev":"page_build","i":4}
Sep 24 15:12:49.897176 Runner(Flutter)[2645] <Notice>: dartnative: ##BENCH## {"tag":"feed30","t_us":1790242069892570,"ev":"page_build","i":5}
Sep 24 15:12:49.897218 Runner(Flutter)[2645] <Notice>: dartnative: ##BENCH## {"tag":"feed30","t_us":1790242069892619,"ev":"page_build","i":6}
Sep 24 15:12:49.897227 Runner(Flutter)[2645] <Notice>: dartnative: ##BENCH## {"tag":"feed30","t_us":1790242069892686,"ev":"page_build","i":7}
Sep 24 15:12:49.897254 Runner(Flutter)[2645] <Notice>: dartnative: ##BENCH## {"tag":"feed30","t_us":1790242069892757,"ev":"page_build","i":8}
Sep 24 15:12:49.897270 Runner(Flutter)[2645] <Notice>: dartnative: ##BENCH## {"tag":"feed30","t_us":1790242069892836,"ev":"page_build","i":9}
Sep 24 15:12:49.897290 Runner(Flutter)[2645] <Notice>: dartnative: ##BENCH## {"tag":"feed30","t_us":1790242069892926,"ev":"page_build","i":10}
Sep 24 15:12:49.897321 Runner(Flutter)[2645] <Notice>: dartnative: ##BENCH## {"tag":"feed30","t_us":1790242069893048,"ev":"page_build","i":11}
Sep 24 15:12:49.897391 Runner(Flutter)[2645] <Notice>: dartnative: ##BENCH## {"tag":"feed30","t_us":1790242069893139,"ev":"page_build","i":12}
Sep 24 15:12:49.897438 Runner(Flutter)[2645] <Notice>: dartnative: ##BENCH## {"tag":"feed30","t_us":1790242069893200,"ev":"page_build","i":13}
Sep 24 15:12:49.897448 Runner(Flutter)[2645] <Notice>: dartnative: ##BENCH## {"tag":"feed30","t_us":1790242069893233,"ev":"page_build","i":14}
Sep 24 15:12:49.897456 Runner(Flutter)[2645] <Notice>: dartnative: ##BENCH## {"tag":"feed30","t_us":1790242069893293,"ev":"page_build","i":15}
Sep 24 15:12:49.897472 Runner(Flutter)[2645] <Notice>: dartnative: ##BENCH## {"tag":"feed30","t_us":1790242069893318,"ev":"page_build","i":16}
Sep 24 15:12:49.897518 Runner(Flutter)[2645] <Notice>: dartnative: ##BENCH## {"tag":"feed30","t_us":1790242069893370,"ev":"page_build","i":17}
Sep 24 15:12:49.897586 Runner(Flutter)[2645] <Notice>: dartnative: ##BENCH## {"tag":"feed30","t_us":1790242069893436,"ev":"page_build","i":18}
Sep 24 15:12:49.897638 Runner(Flutter)[2645] <Notice>: dartnative: ##BENCH## {"tag":"feed30","t_us":1790242069893492,"ev":"page_build","i":19}
Sep 24 15:12:49.897673 Runner(Flutter)[2645] <Notice>: dartnative: ##BENCH## {"tag":"feed30","t_us":1790242069893516,"ev":"page_build","i":20}
Sep 24 15:12:49.897692 Runner(Flutter)[2645] <Notice>: dartnative: ##BENCH## {"tag":"feed30","t_us":1790242069893523,"ev":"page_build","i":21}
Sep 24 15:12:49.897739 Runner(Flutter)[2645] <Notice>: dartnative: ##BENCH## {"tag":"feed30","t_us":1790242069893529,"ev":"page_build","i":22}
Sep 24 15:12:49.898051 Runner(Flutter)[2645] <Notice>: dartnative: ##BENCH## {"tag":"feed30","t_us":1790242069893536,"ev":"page_build","i":23}
Sep 24 15:12:49.898085 Runner(Flutter)[2645] <Notice>: dartnative: ##BENCH## {"tag":"feed30","t_us":1790242069893544,"ev":"page_build","i":24}
Sep 24 15:12:49.898103 Runner(Flutter)[2645] <Notice>: dartnative: ##BENCH## {"tag":"feed30","t_us":1790242069893584,"ev":"page_build","i":25}
Sep 24 15:12:49.898865 Runner(Flutter)[2645] <Notice>: dartnative: ##BENCH## {"tag":"feed30","t_us":1790242069893647,"ev":"page_build","i":26}
Sep 24 15:12:49.901300 Runner(Flutter)[2645] <Notice>: dartnative: ##BENCH## {"tag":"feed30","t_us":1790242069893717,"ev":"page_build","i":27}
Sep 24 15:12:49.901858 Runner(Flutter)[2645] <Notice>: dartnative: ##BENCH## {"tag":"feed30","t_us":1790242069893759,"ev":"page_build","i":28}
Sep 24 15:12:49.902142 Runner(Flutter)[2645] <Notice>: dartnative: ##BENCH## {"tag":"feed30","t_us":1790242069893801,"ev":"page_build","i":29}
Sep 24 15:12:50.076019 Runner(Flutter)[2645] <Notice>: dartnative: ##BENCH## {"tag":"feed30","t_us":1790242070075945,"ev":"first_frame"}
Sep 24 15:12:50.144297 Runner(Flutter)[2645] <Notice>: dartnative: ##BENCH## {"tag":"feed30","t_us":1790242070144135,"ev":"page_build","i":0}
Sep 24 15:12:50.144501 Runner(Flutter)[2645] <Notice>: dartnative: ##BENCH## {"tag":"feed30","t_us":1790242070144435,"ev":"page_build","i":1}
Sep 24 15:12:50.144640 Runner(Flutter)[2645] <Notice>: dartnative: ##BENCH## {"tag":"feed30","t_us":1790242070144537,"ev":"page_build","i":2}
Sep 24 15:12:50.144715 Runner(Flutter)[2645] <Notice>: dartnative: ##BENCH## {"tag":"feed30","t_us":1790242070144679,"ev":"page_build","i":3}
Sep 24 15:12:50.144770 Runner(Flutter)[2645] <Notice>: dartnative: ##BENCH## {"tag":"feed30","t_us":1790242070144729,"ev":"page_build","i":4}
Sep 24 15:12:50.144845 Runner(Flutter)[2645] <Notice>: dartnative: ##BENCH## {"tag":"feed30","t_us":1790242070144798,"ev":"page_build","i":5}
Sep 24 15:12:50.144886 Runner(Flutter)[2645] <Notice>: dartnative: ##BENCH## {"tag":"feed30","t_us":1790242070144837,"ev":"page_build","i":6}
Sep 24 15:12:50.144934 Runner(Flutter)[2645] <Notice>: dartnative: ##BENCH## {"tag":"feed30","t_us":1790242070144890,"ev":"page_build","i":7}
Sep 24 15:12:50.144988 Runner(Flutter)[2645] <Notice>: dartnative: ##BENCH## {"tag":"feed30","t_us":1790242070144953,"ev":"page_build","i":8}
Sep 24 15:12:50.145036 Runner(Flutter)[2645] <Notice>: dartnative: ##BENCH## {"tag":"feed30","t_us":1790242070144994,"ev":"page_build","i":9}
Sep 24 15:12:50.145077 Runner(Flutter)[2645] <Notice>: dartnative: ##BENCH## {"tag":"feed30","t_us":1790242070145034,"ev":"page_build","i":10}
Sep 24 15:12:50.145110 Runner(Flutter)[2645] <Notice>: dartnative: ##BENCH## {"tag":"feed30","t_us":1790242070145073,"ev":"page_build","i":11}
Sep 24 15:12:50.145145 Runner(Flutter)[2645] <Notice>: dartnative: ##BENCH## {"tag":"feed30","t_us":1790242070145108,"ev":"page_build","i":12}
Sep 24 15:12:50.145180 Runner(Flutter)[2645] <Notice>: dartnative: ##BENCH## {"tag":"feed30","t_us":1790242070145140,"ev":"page_build","i":13}
Sep 24 15:12:50.145207 Runner(Flutter)[2645] <Notice>: dartnative: ##BENCH## {"tag":"feed30","t_us":1790242070145170,"ev":"page_build","i":14}
Sep 24 15:12:50.145240 Runner(Flutter)[2645] <Notice>: dartnative: ##BENCH## {"tag":"feed30","t_us":1790242070145201,"ev":"page_build","i":15}
Sep 24 15:12:50.145275 Runner(Flutter)[2645] <Notice>: dartnative: ##BENCH## {"tag":"feed30","t_us":1790242070145237,"ev":"page_build","i":16}
Sep 24 15:12:50.145303 Runner(Flutter)[2645] <Notice>: dartnative: ##BENCH## {"tag":"feed30","t_us":1790242070145266,"ev":"page_build","i":17}
Sep 24 15:12:50.145334 Runner(Flutter)[2645] <Notice>: dartnative: ##BENCH## {"tag":"feed30","t_us":1790242070145295,"ev":"page_build","i":18}
Sep 24 15:12:50.145369 Runner(Flutter)[2645] <Notice>: dartnative: ##BENCH## {"tag":"feed30","t_us":1790242070145331,"ev":"page_build","i":19}
Sep 24 15:12:50.145402 Runner(Flutter)[2645] <Notice>: dartnative: ##BENCH## {"tag":"feed30","t_us":1790242070145364,"ev":"page_build","i":20}
Sep 24 15:12:50.145453 Runner(Flutter)[2645] <Notice>: dartnative: ##BENCH## {"tag":"feed30","t_us":1790242070145395,"ev":"page_build","i":21}
Sep 24 15:12:50.145464 Runner(Flutter)[2645] <Notice>: dartnative: ##BENCH## {"tag":"feed30","t_us":1790242070145425,"ev":"page_build","i":22}
Sep 24 15:12:50.145496 Runner(Flutter)[2645] <Notice>: dartnative: ##BENCH## {"tag":"feed30","t_us":1790242070145455,"ev":"page_build","i":23}
Sep 24 15:12:50.145550 Runner(Flutter)[2645] <Notice>: dartnative: ##BENCH## {"tag":"feed30","t_us":1790242070145484,"ev":"page_build","i":24}
Sep 24 15:12:50.145592 Runner(Flutter)[2645] <Notice>: dartnative: ##BENCH## {"tag":"feed30","t_us":1790242070145555,"ev":"page_build","i":25}
Sep 24 15:12:50.145655 Runner(Flutter)[2645] <Notice>: dartnative: ##BENCH## {"tag":"feed30","t_us":1790242070145607,"ev":"page_build","i":26}
Sep 24 15:12:50.145666 Runner(Flutter)[2645] <Notice>: dartnative: ##BENCH## {"tag":"feed30","t_us":1790242070145638,"ev":"page_build","i":27}
Sep 24 15:12:50.145711 Runner(Flutter)[2645] <Notice>: dartnative: ##BENCH## {"tag":"feed30","t_us":1790242070145671,"ev":"page_build","i":28}
Sep 24 15:12:50.145745 Runner(Flutter)[2645] <Notice>: dartnative: ##BENCH## {"tag":"feed30","t_us":1790242070145706,"ev":"page_build","i":29}
Sep 24 15:12:50.259072 Runner(Flutter)[2645] <Notice>: dartnative: ##BENCH## {"tag":"feed30","t_us":1790242070258932,"ev":"ctrl_ready","i":0}
Sep 24 15:12:50.259104 Runner(Flutter)[2645] <Notice>: dartnative: ##BENCH## {"tag":"feed30","t_us":1790242070259029,"ev":"play_call","i":0}
Sep 24 15:12:50.291933 Runner(Flutter)[2645] <Notice>: dartnative: ##BENCH## {"tag":"feed30","t_us":1790242070273601,"ev":"media_attach","i":0,"result":"attached"}
Sep 24 15:12:50.292069 Runner(Flutter)[2645] <Notice>: dartnative: ##BENCH## {"tag":"feed30","t_us":1790242070273740,"ev":"media_event","type":"ExternalPlaybackChanged"}
Sep 24 15:12:50.315808 Runner(Flutter)[2645] <Notice>: dartnative: ##BENCH## {"tag":"feed30","t_us":1790242070280417,"ev":"page_build","i":0}
Sep 24 15:12:50.331988 Runner(Flutter)[2645] <Notice>: dartnative: ##BENCH## {"tag":"feed30","t_us":1790242070288239,"ev":"page_build","i":1}
Sep 24 15:12:50.332838 Runner(Flutter)[2645] <Notice>: dartnative: ##BENCH## {"tag":"feed30","t_us":1790242070288327,"ev":"page_build","i":2}
Sep 24 15:12:50.333302 Runner(Flutter)[2645] <Notice>: dartnative: ##BENCH## {"tag":"feed30","t_us":1790242070288556,"ev":"page_build","i":3}
Sep 24 15:12:50.333701 Runner(Flutter)[2645] <Notice>: dartnative: ##BENCH## {"tag":"feed30","t_us":1790242070288666,"ev":"page_build","i":4}
Sep 24 15:12:50.334018 Runner(Flutter)[2645] <Notice>: dartnative: ##BENCH## {"tag":"feed30","t_us":1790242070288809,"ev":"page_build","i":5}
Sep 24 15:12:50.334379 Runner(Flutter)[2645] <Notice>: dartnative: ##BENCH## {"tag":"feed30","t_us":1790242070288958,"ev":"page_build","i":6}
Sep 24 15:12:50.334530 Runner(Flutter)[2645] <Notice>: dartnative: ##BENCH## {"tag":"feed30","t_us":1790242070289093,"ev":"page_build","i":7}
Sep 24 15:12:50.335034 Runner(Flutter)[2645] <Notice>: dartnative: ##BENCH## {"tag":"feed30","t_us":1790242070289165,"ev":"page_build","i":8}
Sep 24 15:12:50.335308 Runner(Flutter)[2645] <Notice>: dartnative: ##BENCH## {"tag":"feed30","t_us":1790242070289324,"ev":"page_build","i":9}
Sep 24 15:12:50.335991 Runner(Flutter)[2645] <Notice>: dartnative: ##BENCH## {"tag":"feed30","t_us":1790242070289409,"ev":"page_build","i":10}
Sep 24 15:12:50.336466 Runner(Flutter)[2645] <Notice>: dartnative: ##BENCH## {"tag":"feed30","t_us":1790242070289563,"ev":"page_build","i":11}
Sep 24 15:12:50.337576 Runner(Flutter)[2645] <Notice>: dartnative: ##BENCH## {"tag":"feed30","t_us":1790242070289689,"ev":"page_build","i":12}
Sep 24 15:12:50.337941 Runner(Flutter)[2645] <Notice>: dartnative: ##BENCH## {"tag":"feed30","t_us":1790242070289809,"ev":"page_build","i":13}
Sep 24 15:12:50.338245 Runner(Flutter)[2645] <Notice>: dartnative: ##BENCH## {"tag":"feed30","t_us":1790242070289952,"ev":"page_build","i":14}
Sep 24 15:12:50.338421 Runner(Flutter)[2645] <Notice>: dartnative: ##BENCH## {"tag":"feed30","t_us":1790242070290152,"ev":"page_build","i":15}
Sep 24 15:12:50.338785 Runner(Flutter)[2645] <Notice>: dartnative: ##BENCH## {"tag":"feed30","t_us":1790242070290306,"ev":"page_build","i":16}
Sep 24 15:12:50.339006 Runner(Flutter)[2645] <Notice>: dartnative: ##BENCH## {"tag":"feed30","t_us":1790242070290514,"ev":"page_build","i":17}
Sep 24 15:12:50.339367 Runner(Flutter)[2645] <Notice>: dartnative: ##BENCH## {"tag":"feed30","t_us":1790242070290756,"ev":"page_build","i":18}
Sep 24 15:12:50.339519 Runner(Flutter)[2645] <Notice>: dartnative: ##BENCH## {"tag":"feed30","t_us":1790242070291026,"ev":"page_build","i":19}
Sep 24 15:12:50.339566 Runner(Flutter)[2645] <Notice>: dartnative: ##BENCH## {"tag":"feed30","t_us":1790242070291334,"ev":"page_build","i":20}
Sep 24 15:12:50.339641 Runner(Flutter)[2645] <Notice>: dartnative: ##BENCH## {"tag":"feed30","t_us":1790242070291654,"ev":"page_build","i":21}
Sep 24 15:12:50.339910 Runner(Flutter)[2645] <Notice>: dartnative: ##BENCH## {"tag":"feed30","t_us":1790242070292039,"ev":"page_build","i":22}
Sep 24 15:12:50.339936 Runner(Flutter)[2645] <Notice>: dartnative: ##BENCH## {"tag":"feed30","t_us":1790242070292411,"ev":"page_build","i":23}
Sep 24 15:12:50.340131 Runner(Flutter)[2645] <Notice>: dartnative: ##BENCH## {"tag":"feed30","t_us":1790242070292805,"ev":"page_build","i":24}
Sep 24 15:12:50.340670 Runner(Flutter)[2645] <Notice>: dartnative: ##BENCH## {"tag":"feed30","t_us":1790242070293201,"ev":"page_build","i":25}
Sep 24 15:12:50.340836 Runner(Flutter)[2645] <Notice>: dartnative: ##BENCH## {"tag":"feed30","t_us":1790242070293487,"ev":"page_build","i":26}
Sep 24 15:12:50.340956 Runner(Flutter)[2645] <Notice>: dartnative: ##BENCH## {"tag":"feed30","t_us":1790242070293707,"ev":"page_build","i":27}
Sep 24 15:12:50.341062 Runner(Flutter)[2645] <Notice>: dartnative: ##BENCH## {"tag":"feed30","t_us":1790242070293799,"ev":"page_build","i":28}
Sep 24 15:12:50.341154 Runner(Flutter)[2645] <Notice>: dartnative: ##BENCH## {"tag":"feed30","t_us":1790242070293914,"ev":"page_build","i":29}
Sep 24 15:12:51.358694 Runner(Flutter)[2645] <Notice>: dartnative: ##BENCH## {"tag":"feed30","t_us":1790242071358640,"ev":"ctrl_ready","i":1}
Sep 24 15:12:51.358904 Runner(Flutter)[2645] <Notice>: dartnative: ##BENCH## {"tag":"feed30","t_us":1790242071358827,"ev":"page_build","i":0}
Sep 24 15:12:51.358939 Runner(Flutter)[2645] <Notice>: dartnative: ##BENCH## {"tag":"feed30","t_us":1790242071358904,"ev":"page_build","i":1}
Sep 24 15:12:51.359291 Runner(Flutter)[2645] <Notice>: dartnative: ##BENCH## {"tag":"feed30","t_us":1790242071359255,"ev":"page_build","i":2}
Sep 24 15:12:51.359324 Runner(Flutter)[2645] <Notice>: dartnative: ##BENCH## {"tag":"feed30","t_us":1790242071359299,"ev":"page_build","i":3}
Sep 24 15:12:51.359363 Runner(Flutter)[2645] <Notice>: dartnative: ##BENCH## {"tag":"feed30","t_us":1790242071359335,"ev":"page_build","i":4}
Sep 24 15:12:51.359585 Runner(Flutter)[2645] <Notice>: dartnative: ##BENCH## {"tag":"feed30","t_us":1790242071359379,"ev":"page_build","i":5}
Sep 24 15:12:51.359614 Runner(Flutter)[2645] <Notice>: dartnative: ##BENCH## {"tag":"feed30","t_us":1790242071359420,"ev":"page_build","i":6}
Sep 24 15:12:51.359623 Runner(Flutter)[2645] <Notice>: dartnative: ##BENCH## {"tag":"feed30","t_us":1790242071359460,"ev":"page_build","i":7}
Sep 24 15:12:51.359630 Runner(Flutter)[2645] <Notice>: dartnative: ##BENCH## {"tag":"feed30","t_us":1790242071359500,"ev":"page_build","i":8}
Sep 24 15:12:51.359637 Runner(Flutter)[2645] <Notice>: dartnative: ##BENCH## {"tag":"feed30","t_us":1790242071359541,"ev":"page_build","i":9}
Sep 24 15:12:51.359698 Runner(Flutter)[2645] <Notice>: dartnative: ##BENCH## {"tag":"feed30","t_us":1790242071359577,"ev":"page_build","i":10}
Sep 24 15:12:51.359723 Runner(Flutter)[2645] <Notice>: dartnative: ##BENCH## {"tag":"feed30","t_us":1790242071359613,"ev":"page_build","i":11}
Sep 24 15:12:51.359759 Runner(Flutter)[2645] <Notice>: dartnative: ##BENCH## {"tag":"feed30","t_us":1790242071359652,"ev":"page_build","i":12}
Sep 24 15:12:51.359876 Runner(Flutter)[2645] <Notice>: dartnative: ##BENCH## {"tag":"feed30","t_us":1790242071359686,"ev":"page_build","i":13}
Sep 24 15:12:51.359983 Runner(Flutter)[2645] <Notice>: dartnative: ##BENCH## {"tag":"feed30","t_us":1790242071359721,"ev":"page_build","i":14}
Sep 24 15:12:51.360068 Runner(Flutter)[2645] <Notice>: dartnative: ##BENCH## {"tag":"feed30","t_us":1790242071359758,"ev":"page_build","i":15}
Sep 24 15:12:51.360075 Runner(Flutter)[2645] <Notice>: dartnative: ##BENCH## {"tag":"feed30","t_us":1790242071359795,"ev":"page_build","i":16}
Sep 24 15:12:51.360117 Runner(Flutter)[2645] <Notice>: dartnative: ##BENCH## {"tag":"feed30","t_us":1790242071359837,"ev":"page_build","i":17}
Sep 24 15:12:51.360148 Runner(Flutter)[2645] <Notice>: dartnative: ##BENCH## {"tag":"feed30","t_us":1790242071359873,"ev":"page_build","i":18}
Sep 24 15:12:51.360217 Runner(Flutter)[2645] <Notice>: dartnative: ##BENCH## {"tag":"feed30","t_us":1790242071359909,"ev":"page_build","i":19}
Sep 24 15:12:51.360235 Runner(Flutter)[2645] <Notice>: dartnative: ##BENCH## {"tag":"feed30","t_us":1790242071359946,"ev":"page_build","i":20}
Sep 24 15:12:51.360264 Runner(Flutter)[2645] <Notice>: dartnative: ##BENCH## {"tag":"feed30","t_us":1790242071359986,"ev":"page_build","i":21}
Sep 24 15:12:51.360334 Runner(Flutter)[2645] <Notice>: dartnative: ##BENCH## {"tag":"feed30","t_us":1790242071360019,"ev":"page_build","i":22}
Sep 24 15:12:51.360369 Runner(Flutter)[2645] <Notice>: dartnative: ##BENCH## {"tag":"feed30","t_us":1790242071360054,"ev":"page_build","i":23}
Sep 24 15:12:51.360413 Runner(Flutter)[2645] <Notice>: dartnative: ##BENCH## {"tag":"feed30","t_us":1790242071360092,"ev":"page_build","i":24}
Sep 24 15:12:51.360516 Runner(Flutter)[2645] <Notice>: dartnative: ##BENCH## {"tag":"feed30","t_us":1790242071360127,"ev":"page_build","i":25}
Sep 24 15:12:51.360534 Runner(Flutter)[2645] <Notice>: dartnative: ##BENCH## {"tag":"feed30","t_us":1790242071360170,"ev":"page_build","i":26}
Sep 24 15:12:51.360587 Runner(Flutter)[2645] <Notice>: dartnative: ##BENCH## {"tag":"feed30","t_us":1790242071360207,"ev":"page_build","i":27}
Sep 24 15:12:51.360673 Runner(Flutter)[2645] <Notice>: dartnative: ##BENCH## {"tag":"feed30","t_us":1790242071360248,"ev":"page_build","i":28}
Sep 24 15:12:51.360683 Runner(Flutter)[2645] <Notice>: dartnative: ##BENCH## {"tag":"feed30","t_us":1790242071360288,"ev":"page_build","i":29}
Sep 24 15:12:52.046582 Runner(Flutter)[2645] <Notice>: dartnative: ##BENCH## {"tag":"feed30","t_us":1790242072046412,"ev":"ctrl_ready","i":2}
Sep 24 15:12:52.046705 Runner(Flutter)[2645] <Notice>: dartnative: ##BENCH## {"tag":"feed30","t_us":1790242072046564,"ev":"page_build","i":0}
Sep 24 15:12:52.046793 Runner(Flutter)[2645] <Notice>: dartnative: ##BENCH## {"tag":"feed30","t_us":1790242072046720,"ev":"page_build","i":1}
Sep 24 15:12:52.046927 Runner(Flutter)[2645] <Notice>: dartnative: ##BENCH## {"tag":"feed30","t_us":1790242072046820,"ev":"page_build","i":2}
Sep 24 15:12:52.047559 Runner(Flutter)[2645] <Notice>: dartnative: ##BENCH## {"tag":"feed30","t_us":1790242072047468,"ev":"page_build","i":3}
Sep 24 15:12:52.047628 Runner(Flutter)[2645] <Notice>: dartnative: ##BENCH## {"tag":"feed30","t_us":1790242072047561,"ev":"page_build","i":4}
Sep 24 15:12:52.047723 Runner(Flutter)[2645] <Notice>: dartnative: ##BENCH## {"tag":"feed30","t_us":1790242072047643,"ev":"page_build","i":5}
Sep 24 15:12:52.047832 Runner(Flutter)[2645] <Notice>: dartnative: ##BENCH## {"tag":"feed30","t_us":1790242072047726,"ev":"page_build","i":6}
Sep 24 15:12:52.047898 Runner(Flutter)[2645] <Notice>: dartnative: ##BENCH## {"tag":"feed30","t_us":1790242072047805,"ev":"page_build","i":7}
Sep 24 15:12:52.047942 Runner(Flutter)[2645] <Notice>: dartnative: ##BENCH## {"tag":"feed30","t_us":1790242072047875,"ev":"page_build","i":8}
Sep 24 15:12:52.048160 Runner(Flutter)[2645] <Notice>: dartnative: ##BENCH## {"tag":"feed30","t_us":1790242072047950,"ev":"page_build","i":9}
Sep 24 15:12:52.048230 Runner(Flutter)[2645] <Notice>: dartnative: ##BENCH## {"tag":"feed30","t_us":1790242072048039,"ev":"page_build","i":10}
Sep 24 15:12:52.048327 Runner(Flutter)[2645] <Notice>: dartnative: ##BENCH## {"tag":"feed30","t_us":1790242072048112,"ev":"page_build","i":11}
Sep 24 15:12:52.048444 Runner(Flutter)[2645] <Notice>: dartnative: ##BENCH## {"tag":"feed30","t_us":1790242072048188,"ev":"page_build","i":12}
Sep 24 15:12:52.048457 Runner(Flutter)[2645] <Notice>: dartnative: ##BENCH## {"tag":"feed30","t_us":1790242072048254,"ev":"page_build","i":13}
Sep 24 15:12:52.048513 Runner(Flutter)[2645] <Notice>: dartnative: ##BENCH## {"tag":"feed30","t_us":1790242072048315,"ev":"page_build","i":14}
Sep 24 15:12:52.048559 Runner(Flutter)[2645] <Notice>: dartnative: ##BENCH## {"tag":"feed30","t_us":1790242072048377,"ev":"page_build","i":15}
Sep 24 15:12:52.048569 Runner(Flutter)[2645] <Notice>: dartnative: ##BENCH## {"tag":"feed30","t_us":1790242072048435,"ev":"page_build","i":16}
Sep 24 15:12:52.048578 Runner(Flutter)[2645] <Notice>: dartnative: ##BENCH## {"tag":"feed30","t_us":1790242072048492,"ev":"page_build","i":17}
Sep 24 15:12:52.048635 Runner(Flutter)[2645] <Notice>: dartnative: ##BENCH## {"tag":"feed30","t_us":1790242072048557,"ev":"page_build","i":18}
Sep 24 15:12:52.048686 Runner(Flutter)[2645] <Notice>: dartnative: ##BENCH## {"tag":"feed30","t_us":1790242072048627,"ev":"page_build","i":19}
Sep 24 15:12:52.048776 Runner(Flutter)[2645] <Notice>: dartnative: ##BENCH## {"tag":"feed30","t_us":1790242072048692,"ev":"page_build","i":20}
Sep 24 15:12:52.048869 Runner(Flutter)[2645] <Notice>: dartnative: ##BENCH## {"tag":"feed30","t_us":1790242072048762,"ev":"page_build","i":21}
Sep 24 15:12:52.048880 Runner(Flutter)[2645] <Notice>: dartnative: ##BENCH## {"tag":"feed30","t_us":1790242072048827,"ev":"page_build","i":22}
Sep 24 15:12:52.048987 Runner(Flutter)[2645] <Notice>: dartnative: ##BENCH## {"tag":"feed30","t_us":1790242072048883,"ev":"page_build","i":23}
Sep 24 15:12:52.049074 Runner(Flutter)[2645] <Notice>: dartnative: ##BENCH## {"tag":"feed30","t_us":1790242072048954,"ev":"page_build","i":24}
Sep 24 15:12:52.049087 Runner(Flutter)[2645] <Notice>: dartnative: ##BENCH## {"tag":"feed30","t_us":1790242072049021,"ev":"page_build","i":25}
Sep 24 15:12:52.049184 Runner(Flutter)[2645] <Notice>: dartnative: ##BENCH## {"tag":"feed30","t_us":1790242072049091,"ev":"page_build","i":26}
Sep 24 15:12:52.049318 Runner(Flutter)[2645] <Notice>: dartnative: ##BENCH## {"tag":"feed30","t_us":1790242072049192,"ev":"page_build","i":27}
Sep 24 15:12:52.049340 Runner(Flutter)[2645] <Notice>: dartnative: ##BENCH## {"tag":"feed30","t_us":1790242072049278,"ev":"page_build","i":28}
Sep 24 15:12:52.049462 Runner(Flutter)[2645] <Notice>: dartnative: ##BENCH## {"tag":"feed30","t_us":1790242072049361,"ev":"page_build","i":29}

Exiting...
[disconnected:00008140-001A2D4136BB001C]
