[connected:00008140-001A2D4136BB001C]
Sep 24 15:12:34.618358 Runner(Flutter)[2641] <Notice>: dartnative: ##BENCH## {"tag":"feed30","t_us":1790242054616707,"ev":"main_enter"}
Sep 24 15:12:34.621714 Runner(Flutter)[2641] <Notice>: dartnative: ##BENCH## {"tag":"feed30","t_us":1790242054619736,"ev":"media_configure_start"}
Sep 24 15:12:34.732606 Runner(Flutter)[2641] <Notice>: dartnative: ##BENCH## {"tag":"feed30","t_us":1790242054726711,"ev":"media_configure_end"}
Sep 24 15:12:34.732626 Runner(Flutter)[2641] <Notice>: dartnative: ##BENCH## {"tag":"feed30","t_us":1790242054726879,"ev":"run_app"}
Sep 24 15:12:34.736305 Runner(Flutter)[2641] <Notice>: dartnative: ##BENCH## {"tag":"feed30","t_us":1790242054731181,"ev":"ctrl_create","i":0,"src":"network"}
Sep 24 15:12:34.805608 Runner(Flutter)[2641] <Notice>: dartnative: ##BENCH## {"tag":"feed30","t_us":1790242054781969,"ev":"ctrl_create","i":1,"src":"network"}
Sep 24 15:12:34.810732 Runner(Flutter)[2641] <Notice>: dartnative: ##BENCH## {"tag":"feed30","t_us":1790242054793957,"ev":"ctrl_create","i":2,"src":"network"}
Sep 24 15:12:34.817245 Runner(Flutter)[2641] <Notice>: dartnative: ##BENCH## {"tag":"feed30","t_us":1790242054810590,"ev":"page_build","i":0}
Sep 24 15:12:34.817252 Runner(Flutter)[2641] <Notice>: dartnative: ##BENCH## {"tag":"feed30","t_us":1790242054810698,"ev":"page_build","i":1}
Sep 24 15:12:34.817282 Runner(Flutter)[2641] <Notice>: dartnative: ##BENCH## {"tag":"feed30","t_us":1790242054810761,"ev":"page_build","i":2}
Sep 24 15:12:34.817306 Runner(Flutter)[2641] <Notice>: dartnative: ##BENCH## {"tag":"feed30","t_us":1790242054810804,"ev":"page_build","i":3}
Sep 24 15:12:34.817313 Runner(Flutter)[2641] <Notice>: dartnative: ##BENCH## {"tag":"feed30","t_us":1790242054810824,"ev":"page_build","i":4}
Sep 24 15:12:34.817335 Runner(Flutter)[2641] <Notice>: dartnative: ##BENCH## {"tag":"feed30","t_us":1790242054810859,"ev":"page_build","i":5}
Sep 24 15:12:34.817368 Runner(Flutter)[2641] <Notice>: dartnative: ##BENCH## {"tag":"feed30","t_us":1790242054810916,"ev":"page_build","i":6}
Sep 24 15:12:34.817480 Runner(Flutter)[2641] <Notice>: dartnative: ##BENCH## {"tag":"feed30","t_us":1790242054810959,"ev":"page_build","i":7}
Sep 24 15:12:34.817576 Runner(Flutter)[2641] <Notice>: dartnative: ##BENCH## {"tag":"feed30","t_us":1790242054811063,"ev":"page_build","i":8}
Sep 24 15:12:34.817607 Runner(Flutter)[2641] <Notice>: dartnative: ##BENCH## {"tag":"feed30","t_us":1790242054811126,"ev":"page_build","i":9}
Sep 24 15:12:34.817637 Runner(Flutter)[2641] <Notice>: dartnative: ##BENCH## {"tag":"feed30","t_us":1790242054811164,"ev":"page_build","i":10}
Sep 24 15:12:34.817661 Runner(Flutter)[2641] <Notice>: dartnative: ##BENCH## {"tag":"feed30","t_us":1790242054811216,"ev":"page_build","i":11}
Sep 24 15:12:34.817690 Runner(Flutter)[2641] <Notice>: dartnative: ##BENCH## {"tag":"feed30","t_us":1790242054811273,"ev":"page_build","i":12}
Sep 24 15:12:34.817726 Runner(Flutter)[2641] <Notice>: dartnative: ##BENCH## {"tag":"feed30","t_us":1790242054811514,"ev":"page_build","i":13}
Sep 24 15:12:34.817776 Runner(Flutter)[2641] <Notice>: dartnative: ##BENCH## {"tag":"feed30","t_us":1790242054811567,"ev":"page_build","i":14}
Sep 24 15:12:34.817794 Runner(Flutter)[2641] <Notice>: dartnative: ##BENCH## {"tag":"feed30","t_us":1790242054811628,"ev":"page_build","i":15}
Sep 24 15:12:34.817805 Runner(Flutter)[2641] <Notice>: dartnative: ##BENCH## {"tag":"feed30","t_us":1790242054811713,"ev":"page_build","i":16}
Sep 24 15:12:34.817844 Runner(Flutter)[2641] <Notice>: dartnative: ##BENCH## {"tag":"feed30","t_us":1790242054811782,"ev":"page_build","i":17}
Sep 24 15:12:34.817915 Runner(Flutter)[2641] <Notice>: dartnative: ##BENCH## {"tag":"feed30","t_us":1790242054811829,"ev":"page_build","i":18}
Sep 24 15:12:34.817953 Runner(Flutter)[2641] <Notice>: dartnative: ##BENCH## {"tag":"feed30","t_us":1790242054811884,"ev":"page_build","i":19}
Sep 24 15:12:34.817995 Runner(Flutter)[2641] <Notice>: dartnative: ##BENCH## {"tag":"feed30","t_us":1790242054811932,"ev":"page_build","i":20}
Sep 24 15:12:34.818029 Runner(Flutter)[2641] <Notice>: dartnative: ##BENCH## {"tag":"feed30","t_us":1790242054811980,"ev":"page_build","i":21}
Sep 24 15:12:34.818066 Runner(Flutter)[2641] <Notice>: dartnative: ##BENCH## {"tag":"feed30","t_us":1790242054812049,"ev":"page_build","i":22}
Sep 24 15:12:34.818429 Runner(Flutter)[2641] <Notice>: dartnative: ##BENCH## {"tag":"feed30","t_us":1790242054812099,"ev":"page_build","i":23}
Sep 24 15:12:34.818611 Runner(Flutter)[2641] <Notice>: dartnative: ##BENCH## {"tag":"feed30","t_us":1790242054812180,"ev":"page_build","i":24}
Sep 24 15:12:34.818983 Runner(Flutter)[2641] <Notice>: dartnative: ##BENCH## {"tag":"feed30","t_us":1790242054812241,"ev":"page_build","i":25}
Sep 24 15:12:34.819317 Runner(Flutter)[2641] <Notice>: dartnative: ##BENCH## {"tag":"feed30","t_us":1790242054812328,"ev":"page_build","i":26}
Sep 24 15:12:34.819521 Runner(Flutter)[2641] <Notice>: dartnative: ##BENCH## {"tag":"feed30","t_us":1790242054812398,"ev":"page_build","i":27}
Sep 24 15:12:34.819687 Runner(Flutter)[2641] <Notice>: dartnative: ##BENCH## {"tag":"feed30","t_us":1790242054812464,"ev":"page_build","i":28}
Sep 24 15:12:34.820031 Runner(Flutter)[2641] <Notice>: dartnative: ##BENCH## {"tag":"feed30","t_us":1790242054812543,"ev":"page_build","i":29}
Sep 24 15:12:34.989923 Runner(Flutter)[2641] <Notice>: dartnative: ##BENCH## {"tag":"feed30","t_us":1790242054959108,"ev":"first_frame"}
Sep 24 15:12:35.106161 Runner(Flutter)[2641] <Notice>: dartnative: ##BENCH## {"tag":"feed30","t_us":1790242055091960,"ev":"page_build","i":0}
Sep 24 15:12:35.106185 Runner(Flutter)[2641] <Notice>: dartnative: ##BENCH## {"tag":"feed30","t_us":1790242055092110,"ev":"page_build","i":1}
Sep 24 15:12:35.106217 Runner(Flutter)[2641] <Notice>: dartnative: ##BENCH## {"tag":"feed30","t_us":1790242055092323,"ev":"page_build","i":2}
Sep 24 15:12:35.106270 Runner(Flutter)[2641] <Notice>: dartnative: ##BENCH## {"tag":"feed30","t_us":1790242055092455,"ev":"page_build","i":3}
Sep 24 15:12:35.106303 Runner(Flutter)[2641] <Notice>: dartnative: ##BENCH## {"tag":"feed30","t_us":1790242055092554,"ev":"page_build","i":4}
Sep 24 15:12:35.106374 Runner(Flutter)[2641] <Notice>: dartnative: ##BENCH## {"tag":"feed30","t_us":1790242055092637,"ev":"page_build","i":5}
Sep 24 15:12:35.106397 Runner(Flutter)[2641] <Notice>: dartnative: ##BENCH## {"tag":"feed30","t_us":1790242055092721,"ev":"page_build","i":6}
Sep 24 15:12:35.106444 Runner(Flutter)[2641] <Notice>: dartnative: ##BENCH## {"tag":"feed30","t_us":1790242055092888,"ev":"page_build","i":7}
Sep 24 15:12:35.106477 Runner(Flutter)[2641] <Notice>: dartnative: ##BENCH## {"tag":"feed30","t_us":1790242055092967,"ev":"page_build","i":8}
Sep 24 15:12:35.106512 Runner(Flutter)[2641] <Notice>: dartnative: ##BENCH## {"tag":"feed30","t_us":1790242055093083,"ev":"page_build","i":9}
Sep 24 15:12:35.106544 Runner(Flutter)[2641] <Notice>: dartnative: ##BENCH## {"tag":"feed30","t_us":1790242055093223,"ev":"page_build","i":10}
Sep 24 15:12:35.106582 Runner(Flutter)[2641] <Notice>: dartnative: ##BENCH## {"tag":"feed30","t_us":1790242055093323,"ev":"page_build","i":11}
Sep 24 15:12:35.106641 Runner(Flutter)[2641] <Notice>: dartnative: ##BENCH## {"tag":"feed30","t_us":1790242055093413,"ev":"page_build","i":12}
Sep 24 15:12:35.106660 Runner(Flutter)[2641] <Notice>: dartnative: ##BENCH## {"tag":"feed30","t_us":1790242055093584,"ev":"page_build","i":13}
Sep 24 15:12:35.106667 Runner(Flutter)[2641] <Notice>: dartnative: ##BENCH## {"tag":"feed30","t_us":1790242055093701,"ev":"page_build","i":14}
Sep 24 15:12:35.106719 Runner(Flutter)[2641] <Notice>: dartnative: ##BENCH## {"tag":"feed30","t_us":1790242055093801,"ev":"page_build","i":15}
Sep 24 15:12:35.106752 Runner(Flutter)[2641] <Notice>: dartnative: ##BENCH## {"tag":"feed30","t_us":1790242055093973,"ev":"page_build","i":16}
Sep 24 15:12:35.106769 Runner(Flutter)[2641] <Notice>: dartnative: ##BENCH## {"tag":"feed30","t_us":1790242055094102,"ev":"page_build","i":17}
Sep 24 15:12:35.106806 Runner(Flutter)[2641] <Notice>: dartnative: ##BENCH## {"tag":"feed30","t_us":1790242055094208,"ev":"page_build","i":18}
Sep 24 15:12:35.106841 Runner(Flutter)[2641] <Notice>: dartnative: ##BENCH## {"tag":"feed30","t_us":1790242055094363,"ev":"page_build","i":19}
Sep 24 15:12:35.106855 Runner(Flutter)[2641] <Notice>: dartnative: ##BENCH## {"tag":"feed30","t_us":1790242055094470,"ev":"page_build","i":20}
Sep 24 15:12:35.106879 Runner(Flutter)[2641] <Notice>: dartnative: ##BENCH## {"tag":"feed30","t_us":1790242055094640,"ev":"page_build","i":21}
Sep 24 15:12:35.106911 Runner(Flutter)[2641] <Notice>: dartnative: ##BENCH## {"tag":"feed30","t_us":1790242055094786,"ev":"page_build","i":22}
Sep 24 15:12:35.106928 Runner(Flutter)[2641] <Notice>: dartnative: ##BENCH## {"tag":"feed30","t_us":1790242055094840,"ev":"page_build","i":23}
Sep 24 15:12:35.110700 Runner(Flutter)[2641] <Notice>: dartnative: ##BENCH## {"tag":"feed30","t_us":1790242055094999,"ev":"page_build","i":24}
Sep 24 15:12:35.110988 Runner(Flutter)[2641] <Notice>: dartnative: ##BENCH## {"tag":"feed30","t_us":1790242055095133,"ev":"page_build","i":25}
Sep 24 15:12:35.111264 Runner(Flutter)[2641] <Notice>: dartnative: ##BENCH## {"tag":"feed30","t_us":1790242055095192,"ev":"page_build","i":26}
Sep 24 15:12:35.111336 Runner(Flutter)[2641] <Notice>: dartnative: ##BENCH## {"tag":"feed30","t_us":1790242055095305,"ev":"page_build","i":27}
Sep 24 15:12:35.111376 Runner(Flutter)[2641] <Notice>: dartnative: ##BENCH## {"tag":"feed30","t_us":1790242055095414,"ev":"page_build","i":28}
Sep 24 15:12:35.111471 Runner(Flutter)[2641] <Notice>: dartnative: ##BENCH## {"tag":"feed30","t_us":1790242055095503,"ev":"page_build","i":29}
Sep 24 15:12:35.229896 Runner(Flutter)[2641] <Notice>: dartnative: ##BENCH## {"tag":"feed30","t_us":1790242055229259,"ev":"ctrl_ready","i":0}
Sep 24 15:12:35.230205 Runner(Flutter)[2641] <Notice>: dartnative: ##BENCH## {"tag":"feed30","t_us":1790242055229310,"ev":"play_call","i":0}
Sep 24 15:12:35.268467 Runner(Flutter)[2641] <Notice>: dartnative: ##BENCH## {"tag":"feed30","t_us":1790242055245021,"ev":"media_attach","i":0,"result":"attached"}
Sep 24 15:12:35.268511 Runner(Flutter)[2641] <Notice>: dartnative: ##BENCH## {"tag":"feed30","t_us":1790242055245086,"ev":"media_event","type":"ExternalPlaybackChanged"}
Sep 24 15:12:35.270774 Runner(Flutter)[2641] <Notice>: dartnative: ##BENCH## {"tag":"feed30","t_us":1790242055246945,"ev":"page_build","i":0}
Sep 24 15:12:35.277520 Runner(Flutter)[2641] <Notice>: dartnative: ##BENCH## {"tag":"feed30","t_us":1790242055259232,"ev":"page_build","i":1}
Sep 24 15:12:35.277569 Runner(Flutter)[2641] <Notice>: dartnative: ##BENCH## {"tag":"feed30","t_us":1790242055259392,"ev":"page_build","i":2}
Sep 24 15:12:35.277693 Runner(Flutter)[2641] <Notice>: dartnative: ##BENCH## {"tag":"feed30","t_us":1790242055259536,"ev":"page_build","i":3}
Sep 24 15:12:35.277735 Runner(Flutter)[2641] <Notice>: dartnative: ##BENCH## {"tag":"feed30","t_us":1790242055259610,"ev":"page_build","i":4}
Sep 24 15:12:35.277849 Runner(Flutter)[2641] <Notice>: dartnative: ##BENCH## {"tag":"feed30","t_us":1790242055259799,"ev":"page_build","i":5}
Sep 24 15:12:35.277865 Runner(Flutter)[2641] <Notice>: dartnative: ##BENCH## {"tag":"feed30","t_us":1790242055260009,"ev":"page_build","i":6}
Sep 24 15:12:35.277912 Runner(Flutter)[2641] <Notice>: dartnative: ##BENCH## {"tag":"feed30","t_us":1790242055260116,"ev":"page_build","i":7}
Sep 24 15:12:35.277936 Runner(Flutter)[2641] <Notice>: dartnative: ##BENCH## {"tag":"feed30","t_us":1790242055260314,"ev":"page_build","i":8}
Sep 24 15:12:35.277944 Runner(Flutter)[2641] <Notice>: dartnative: ##BENCH## {"tag":"feed30","t_us":1790242055260478,"ev":"page_build","i":9}
Sep 24 15:12:35.277952 Runner(Flutter)[2641] <Notice>: dartnative: ##BENCH## {"tag":"feed30","t_us":1790242055260530,"ev":"page_build","i":10}
Sep 24 15:12:35.277959 Runner(Flutter)[2641] <Notice>: dartnative: ##BENCH## {"tag":"feed30","t_us":1790242055260626,"ev":"page_build","i":11}
Sep 24 15:12:35.278000 Runner(Flutter)[2641] <Notice>: dartnative: ##BENCH## {"tag":"feed30","t_us":1790242055260744,"ev":"page_build","i":12}
Sep 24 15:12:35.278024 Runner(Flutter)[2641] <Notice>: dartnative: ##BENCH## {"tag":"feed30","t_us":1790242055260794,"ev":"page_build","i":13}
Sep 24 15:12:35.278049 Runner(Flutter)[2641] <Notice>: dartnative: ##BENCH## {"tag":"feed30","t_us":1790242055260878,"ev":"page_build","i":14}
Sep 24 15:12:35.278064 Runner(Flutter)[2641] <Notice>: dartnative: ##BENCH## {"tag":"feed30","t_us":1790242055260939,"ev":"page_build","i":15}
Sep 24 15:12:35.278093 Runner(Flutter)[2641] <Notice>: dartnative: ##BENCH## {"tag":"feed30","t_us":1790242055261027,"ev":"page_build","i":16}
Sep 24 15:12:35.278181 Runner(Flutter)[2641] <Notice>: dartnative: ##BENCH## {"tag":"feed30","t_us":1790242055261093,"ev":"page_build","i":17}
Sep 24 15:12:35.278226 Runner(Flutter)[2641] <Notice>: dartnative: ##BENCH## {"tag":"feed30","t_us":1790242055261165,"ev":"page_build","i":18}
Sep 24 15:12:35.278249 Runner(Flutter)[2641] <Notice>: dartnative: ##BENCH## {"tag":"feed30","t_us":1790242055261225,"ev":"page_build","i":19}
Sep 24 15:12:35.278308 Runner(Flutter)[2641] <Notice>: dartnative: ##BENCH## {"tag":"feed30","t_us":1790242055261277,"ev":"page_build","i":20}
Sep 24 15:12:35.278386 Runner(Flutter)[2641] <Notice>: dartnative: ##BENCH## {"tag":"feed30","t_us":1790242055261353,"ev":"page_build","i":21}
Sep 24 15:12:35.278404 Runner(Flutter)[2641] <Notice>: dartnative: ##BENCH## {"tag":"feed30","t_us":1790242055261520,"ev":"page_build","i":22}
Sep 24 15:12:35.278419 Runner(Flutter)[2641] <Notice>: dartnative: ##BENCH## {"tag":"feed30","t_us":1790242055261601,"ev":"page_build","i":23}
Sep 24 15:12:35.278805 Runner(Flutter)[2641] <Notice>: dartnative: ##BENCH## {"tag":"feed30","t_us":1790242055261682,"ev":"page_build","i":24}
Sep 24 15:12:35.278848 Runner(Flutter)[2641] <Notice>: dartnative: ##BENCH## {"tag":"feed30","t_us":1790242055261798,"ev":"page_build","i":25}
Sep 24 15:12:35.279613 Runner(Flutter)[2641] <Notice>: dartnative: ##BENCH## {"tag":"feed30","t_us":1790242055261887,"ev":"page_build","i":26}
Sep 24 15:12:35.279870 Runner(Flutter)[2641] <Notice>: dartnative: ##BENCH## {"tag":"feed30","t_us":1790242055261930,"ev":"page_build","i":27}
Sep 24 15:12:35.279943 Runner(Flutter)[2641] <Notice>: dartnative: ##BENCH## {"tag":"feed30","t_us":1790242055262067,"ev":"page_build","i":28}
Sep 24 15:12:35.280064 Runner(Flutter)[2641] <Notice>: dartnative: ##BENCH## {"tag":"feed30","t_us":1790242055262219,"ev":"page_build","i":29}
Sep 24 15:12:35.951604 Runner(Flutter)[2641] <Notice>: dartnative: ##BENCH## {"tag":"feed30","t_us":1790242055928688,"ev":"ctrl_ready","i":2}
Sep 24 15:12:35.951880 Runner(Flutter)[2641] <Notice>: dartnative: ##BENCH## {"tag":"feed30","t_us":1790242055929124,"ev":"page_build","i":0}
Sep 24 15:12:35.952000 Runner(Flutter)[2641] <Notice>: dartnative: ##BENCH## {"tag":"feed30","t_us":1790242055929243,"ev":"page_build","i":1}
Sep 24 15:12:35.952031 Runner(Flutter)[2641] <Notice>: dartnative: ##BENCH## {"tag":"feed30","t_us":1790242055929302,"ev":"page_build","i":2}
Sep 24 15:12:35.952051 Runner(Flutter)[2641] <Notice>: dartnative: ##BENCH## {"tag":"feed30","t_us":1790242055929856,"ev":"page_build","i":3}
Sep 24 15:12:35.952236 Runner(Flutter)[2641] <Notice>: dartnative: ##BENCH## {"tag":"feed30","t_us":1790242055929911,"ev":"page_build","i":4}
Sep 24 15:12:35.952290 Runner(Flutter)[2641] <Notice>: dartnative: ##BENCH## {"tag":"feed30","t_us":1790242055930032,"ev":"page_build","i":5}
Sep 24 15:12:35.952345 Runner(Flutter)[2641] <Notice>: dartnative: ##BENCH## {"tag":"feed30","t_us":1790242055930152,"ev":"page_build","i":6}
Sep 24 15:12:35.952373 Runner(Flutter)[2641] <Notice>: dartnative: ##BENCH## {"tag":"feed30","t_us":1790242055930262,"ev":"page_build","i":7}
Sep 24 15:12:35.952464 Runner(Flutter)[2641] <Notice>: dartnative: ##BENCH## {"tag":"feed30","t_us":1790242055930560,"ev":"page_build","i":8}
Sep 24 15:12:35.952509 Runner(Flutter)[2641] <Notice>: dartnative: ##BENCH## {"tag":"feed30","t_us":1790242055930765,"ev":"page_build","i":9}
Sep 24 15:12:35.952541 Runner(Flutter)[2641] <Notice>: dartnative: ##BENCH## {"tag":"feed30","t_us":1790242055930801,"ev":"page_build","i":10}
Sep 24 15:12:35.952577 Runner(Flutter)[2641] <Notice>: dartnative: ##BENCH## {"tag":"feed30","t_us":1790242055930891,"ev":"page_build","i":11}
Sep 24 15:12:35.952618 Runner(Flutter)[2641] <Notice>: dartnative: ##BENCH## {"tag":"feed30","t_us":1790242055930985,"ev":"page_build","i":12}
Sep 24 15:12:35.952694 Runner(Flutter)[2641] <Notice>: dartnative: ##BENCH## {"tag":"feed30","t_us":1790242055931066,"ev":"page_build","i":13}
Sep 24 15:12:35.952713 Runner(Flutter)[2641] <Notice>: dartnative: ##BENCH## {"tag":"feed30","t_us":1790242055931128,"ev":"page_build","i":14}
Sep 24 15:12:35.952849 Runner(Flutter)[2641] <Notice>: dartnative: ##BENCH## {"tag":"feed30","t_us":1790242055931197,"ev":"page_build","i":15}
Sep 24 15:12:35.952997 Runner(Flutter)[2641] <Notice>: dartnative: ##BENCH## {"tag":"feed30","t_us":1790242055931272,"ev":"page_build","i":16}
Sep 24 15:12:35.953109 Runner(Flutter)[2641] <Notice>: dartnative: ##BENCH## {"tag":"feed30","t_us":1790242055931334,"ev":"page_build","i":17}
Sep 24 15:12:35.953169 Runner(Flutter)[2641] <Notice>: dartnative: ##BENCH## {"tag":"feed30","t_us":1790242055931431,"ev":"page_build","i":18}
Sep 24 15:12:35.953202 Runner(Flutter)[2641] <Notice>: dartnative: ##BENCH## {"tag":"feed30","t_us":1790242055931508,"ev":"page_build","i":19}
Sep 24 15:12:35.953270 Runner(Flutter)[2641] <Notice>: dartnative: ##BENCH## {"tag":"feed30","t_us":1790242055931570,"ev":"page_build","i":20}
Sep 24 15:12:35.953303 Runner(Flutter)[2641] <Notice>: dartnative: ##BENCH## {"tag":"feed30","t_us":1790242055931745,"ev":"page_build","i":21}
Sep 24 15:12:35.953335 Runner(Flutter)[2641] <Notice>: dartnative: ##BENCH## {"tag":"feed30","t_us":1790242055931861,"ev":"page_build","i":22}
Sep 24 15:12:35.954720 Runner(Flutter)[2641] <Notice>: dartnative: ##BENCH## {"tag":"feed30","t_us":1790242055932057,"ev":"page_build","i":23}
Sep 24 15:12:35.955100 Runner(Flutter)[2641] <Notice>: dartnative: ##BENCH## {"tag":"feed30","t_us":1790242055932256,"ev":"page_build","i":24}
Sep 24 15:12:35.955219 Runner(Flutter)[2641] <Notice>: dartnative: ##BENCH## {"tag":"feed30","t_us":1790242055932448,"ev":"page_build","i":25}
Sep 24 15:12:35.955318 Runner(Flutter)[2641] <Notice>: dartnative: ##BENCH## {"tag":"feed30","t_us":1790242055932511,"ev":"page_build","i":26}
Sep 24 15:12:35.958064 Runner(Flutter)[2641] <Notice>: dartnative: ##BENCH## {"tag":"feed30","t_us":1790242055932580,"ev":"page_build","i":27}
Sep 24 15:12:35.958178 Runner(Flutter)[2641] <Notice>: dartnative: ##BENCH## {"tag":"feed30","t_us":1790242055932670,"ev":"page_build","i":28}
Sep 24 15:12:35.963990 Runner(Flutter)[2641] <Notice>: dartnative: ##BENCH## {"tag":"feed30","t_us":1790242055932752,"ev":"page_build","i":29}
Sep 24 15:12:37.378293 Runner(Flutter)[2641] <Notice>: dartnative: ##BENCH## {"tag":"feed30","t_us":1790242057377990,"ev":"ctrl_ready","i":1}
Sep 24 15:12:37.378675 Runner(Flutter)[2641] <Notice>: dartnative: ##BENCH## {"tag":"feed30","t_us":1790242057378548,"ev":"page_build","i":0}
Sep 24 15:12:37.378869 Runner(Flutter)[2641] <Notice>: dartnative: ##BENCH## {"tag":"feed30","t_us":1790242057378779,"ev":"page_build","i":1}
Sep 24 15:12:37.379782 Runner(Flutter)[2641] <Notice>: dartnative: ##BENCH## {"tag":"feed30","t_us":1790242057379602,"ev":"page_build","i":2}
Sep 24 15:12:37.379964 Runner(Flutter)[2641] <Notice>: dartnative: ##BENCH## {"tag":"feed30","t_us":1790242057379831,"ev":"page_build","i":3}
Sep 24 15:12:37.380081 Runner(Flutter)[2641] <Notice>: dartnative: ##BENCH## {"tag":"feed30","t_us":1790242057379983,"ev":"page_build","i":4}
Sep 24 15:12:37.380239 Runner(Flutter)[2641] <Notice>: dartnative: ##BENCH## {"tag":"feed30","t_us":1790242057380138,"ev":"page_build","i":5}
Sep 24 15:12:37.380360 Runner(Flutter)[2641] <Notice>: dartnative: ##BENCH## {"tag":"feed30","t_us":1790242057380275,"ev":"page_build","i":6}
Sep 24 15:12:37.380530 Runner(Flutter)[2641] <Notice>: dartnative: ##BENCH## {"tag":"feed30","t_us":1790242057380434,"ev":"page_build","i":7}
Sep 24 15:12:37.380640 Runner(Flutter)[2641] <Notice>: dartnative: ##BENCH## {"tag":"feed30","t_us":1790242057380567,"ev":"page_build","i":8}
Sep 24 15:12:37.380800 Runner(Flutter)[2641] <Notice>: dartnative: ##BENCH## {"tag":"feed30","t_us":1790242057380719,"ev":"page_build","i":9}
Sep 24 15:12:37.380906 Runner(Flutter)[2641] <Notice>: dartnative: ##BENCH## {"tag":"feed30","t_us":1790242057380839,"ev":"page_build","i":10}
Sep 24 15:12:37.381018 Runner(Flutter)[2641] <Notice>: dartnative: ##BENCH## {"tag":"feed30","t_us":1790242057380954,"ev":"page_build","i":11}
Sep 24 15:12:37.381137 Runner(Flutter)[2641] <Notice>: dartnative: ##BENCH## {"tag":"feed30","t_us":1790242057381070,"ev":"page_build","i":12}
Sep 24 15:12:37.381244 Runner(Flutter)[2641] <Notice>: dartnative: ##BENCH## {"tag":"feed30","t_us":1790242057381181,"ev":"page_build","i":13}
Sep 24 15:12:37.381364 Runner(Flutter)[2641] <Notice>: dartnative: ##BENCH## {"tag":"feed30","t_us":1790242057381285,"ev":"page_build","i":14}
Sep 24 15:12:37.381476 Runner(Flutter)[2641] <Notice>: dartnative: ##BENCH## {"tag":"feed30","t_us":1790242057381401,"ev":"page_build","i":15}
Sep 24 15:12:37.381593 Runner(Flutter)[2641] <Notice>: dartnative: ##BENCH## {"tag":"feed30","t_us":1790242057381517,"ev":"page_build","i":16}
Sep 24 15:12:37.381815 Runner(Flutter)[2641] <Notice>: dartnative: ##BENCH## {"tag":"feed30","t_us":1790242057381725,"ev":"page_build","i":17}
Sep 24 15:12:37.382497 Runner(Flutter)[2641] <Notice>: dartnative: ##BENCH## {"tag":"feed30","t_us":1790242057381875,"ev":"page_build","i":18}
Sep 24 15:12:37.382652 Runner(Flutter)[2641] <Notice>: dartnative: ##BENCH## {"tag":"feed30","t_us":1790242057382008,"ev":"page_build","i":19}
Sep 24 15:12:37.382689 Runner(Flutter)[2641] <Notice>: dartnative: ##BENCH## {"tag":"feed30","t_us":1790242057382122,"ev":"page_build","i":20}
Sep 24 15:12:37.382714 Runner(Flutter)[2641] <Notice>: dartnative: ##BENCH## {"tag":"feed30","t_us":1790242057382241,"ev":"page_build","i":21}
Sep 24 15:12:37.382766 Runner(Flutter)[2641] <Notice>: dartnative: ##BENCH## {"tag":"feed30","t_us":1790242057382380,"ev":"page_build","i":22}
Sep 24 15:12:37.382852 Runner(Flutter)[2641] <Notice>: dartnative: ##BENCH## {"tag":"feed30","t_us":1790242057382513,"ev":"page_build","i":23}
Sep 24 15:12:37.382914 Runner(Flutter)[2641] <Notice>: dartnative: ##BENCH## {"tag":"feed30","t_us":1790242057382632,"ev":"page_build","i":24}
Sep 24 15:12:37.382936 Runner(Flutter)[2641] <Notice>: dartnative: ##BENCH## {"tag":"feed30","t_us":1790242057382756,"ev":"page_build","i":25}
Sep 24 15:12:37.382953 Runner(Flutter)[2641] <Notice>: dartnative: ##BENCH## {"tag":"feed30","t_us":1790242057382867,"ev":"page_build","i":26}
Sep 24 15:12:37.383115 Runner(Flutter)[2641] <Notice>: dartnative: ##BENCH## {"tag":"feed30","t_us":1790242057383031,"ev":"page_build","i":27}
Sep 24 15:12:37.383267 Runner(Flutter)[2641] <Notice>: dartnative: ##BENCH## {"tag":"feed30","t_us":1790242057383193,"ev":"page_build","i":28}
Sep 24 15:12:37.383929 Runner(Flutter)[2641] <Notice>: dartnative: ##BENCH## {"tag":"feed30","t_us":1790242057383347,"ev":"page_build","i":29}

Exiting...
[disconnected:00008140-001A2D4136BB001C]
